[\\WINWAGON]
00001567	116.53910065	System	InterruptMessageService called with MessageId=0
00001568	116.53910828	System	[supportdriver] InterruptService(): interrupt
00001569	116.61259460	System	InterruptMessageService called with MessageId=0
00001570	116.61260986	System	[supportdriver] InterruptService(): interrupt
00001571	116.61714172	System	InterruptMessageService called with MessageId=0
00001572	116.61714172	System	[supportdriver] InterruptService(): interrupt
00001573	116.73248291	System	InterruptMessageService called with MessageId=0
00001574	116.73248291	System	[supportdriver] InterruptService(): interrupt
00001575	116.73709106	System	InterruptMessageService called with MessageId=0
00001576	116.73709106	System	[supportdriver] InterruptService(): interrupt
00001577	116.80129242	System	InterruptMessageService called with MessageId=0
00001578	116.80129242	System	[supportdriver] InterruptService(): interrupt
00001579	116.85282898	System	InterruptMessageService called with MessageId=0
00001580	116.85283661	System	[supportdriver] InterruptService(): interrupt
00001581	116.85744476	System	InterruptMessageService called with MessageId=0
00001582	116.85746002	System	[supportdriver] InterruptService(): interrupt
00001583	116.97264862	System	InterruptMessageService called with MessageId=0
00001584	116.97264862	System	[supportdriver] InterruptService(): interrupt
00001585	116.97737122	System	InterruptMessageService called with MessageId=0
00001586	116.97737885	System	[supportdriver] InterruptService(): interrupt
00001587	117.06349945	System	InterruptMessageService called with MessageId=0
00001588	117.06349945	System	[supportdriver] InterruptService(): interrupt
00001589	117.09309387	System	InterruptMessageService called with MessageId=0
00001590	117.09310913	System	[supportdriver] InterruptService(): interrupt
00001591	117.09786987	System	InterruptMessageService called with MessageId=0
00001592	117.09786987	System	[supportdriver] InterruptService(): interrupt
00001593	117.21254730	System	InterruptMessageService called with MessageId=0
00001594	117.21254730	System	[supportdriver] InterruptService(): interrupt
00001595	117.21743011	System	InterruptMessageService called with MessageId=0
00001596	117.21743011	System	[supportdriver] InterruptService(): interrupt
00001597	117.32562256	System	InterruptMessageService called with MessageId=0
00001598	117.32563019	System	[supportdriver] InterruptService(): interrupt
00001599	117.33253479	System	InterruptMessageService called with MessageId=0
00001600	117.33253479	System	[supportdriver] InterruptService(): interrupt
00001601	117.33744812	System	InterruptMessageService called with MessageId=0
00001602	117.33744812	System	[supportdriver] InterruptService(): interrupt
00001603	117.45373535	System	InterruptMessageService called with MessageId=0
00001604	117.45375061	System	[supportdriver] InterruptService(): interrupt
00001605	117.45862579	System	InterruptMessageService called with MessageId=0
00001606	117.45863342	System	[supportdriver] InterruptService(): interrupt
00001607	117.57258606	System	InterruptMessageService called with MessageId=0
00001608	117.57258606	System	[supportdriver] InterruptService(): interrupt
00001609	117.57729340	System	InterruptMessageService called with MessageId=0
00001610	117.57729340	System	[supportdriver] InterruptService(): interrupt
00001611	117.58775330	System	InterruptMessageService called with MessageId=0
00001612	117.58776093	System	[supportdriver] InterruptService(): interrupt
00001613	117.69265747	System	InterruptMessageService called with MessageId=0
00001614	117.69265747	System	[supportdriver] InterruptService(): interrupt
00001615	117.69752502	System	InterruptMessageService called with MessageId=0
00001616	117.69753265	System	[supportdriver] InterruptService(): interrupt
00001617	117.81369781	System	InterruptMessageService called with MessageId=0
00001618	117.81370544	System	[supportdriver] InterruptService(): interrupt
00001619	117.81829071	System	InterruptMessageService called with MessageId=0
00001620	117.81829071	System	[supportdriver] InterruptService(): interrupt
00001621	117.84992981	System	InterruptMessageService called with MessageId=0
00001622	117.84992981	System	[supportdriver] InterruptService(): interrupt
00001623	117.93270111	System	InterruptMessageService called with MessageId=0
00001624	117.93270874	System	[supportdriver] InterruptService(): interrupt
00001625	117.93742371	System	InterruptMessageService called with MessageId=0
00001626	117.93742371	System	[supportdriver] InterruptService(): interrupt
00001627	118.05390167	System	InterruptMessageService called with MessageId=0
00001628	118.05391693	System	[supportdriver] InterruptService(): interrupt
00001629	118.06069946	System	InterruptMessageService called with MessageId=0
00001630	118.06070709	System	[supportdriver] InterruptService(): interrupt
00001631	118.11203766	System	InterruptMessageService called with MessageId=0
00001632	118.11205292	System	[supportdriver] InterruptService(): interrupt
00001633	118.17406464	System	InterruptMessageService called with MessageId=0
00001634	118.17407990	System	[supportdriver] InterruptService(): interrupt
00001635	118.17993164	System	InterruptMessageService called with MessageId=0
00001636	118.17993927	System	[supportdriver] InterruptService(): interrupt
00001637	118.29363251	System	InterruptMessageService called with MessageId=0
00001638	118.29364777	System	[supportdriver] InterruptService(): interrupt
00001639	118.29856110	System	InterruptMessageService called with MessageId=0
00001640	118.29857635	System	[supportdriver] InterruptService(): interrupt
00001641	118.37419891	System	InterruptMessageService called with MessageId=0
00001642	118.37419891	System	[supportdriver] InterruptService(): interrupt
00001643	118.41358185	System	InterruptMessageService called with MessageId=0
00001644	118.41359711	System	[supportdriver] InterruptService(): interrupt
00001645	118.41813660	System	InterruptMessageService called with MessageId=0
00001646	118.41815186	System	[supportdriver] InterruptService(): interrupt
00001647	118.53381348	System	InterruptMessageService called with MessageId=0
00001648	118.53382111	System	[supportdriver] InterruptService(): interrupt
00001649	118.53894043	System	InterruptMessageService called with MessageId=0
00001650	118.53895569	System	[supportdriver] InterruptService(): interrupt
00001651	118.63631439	System	InterruptMessageService called with MessageId=0
00001652	118.63631439	System	[supportdriver] InterruptService(): interrupt
00001653	118.65322113	System	InterruptMessageService called with MessageId=0
00001654	118.65323639	System	[supportdriver] InterruptService(): interrupt
00001655	118.65799713	System	InterruptMessageService called with MessageId=0
00001656	118.65799713	System	[supportdriver] InterruptService(): interrupt
00001657	118.77327728	System	InterruptMessageService called with MessageId=0
00001658	118.77327728	System	[supportdriver] InterruptService(): interrupt
00001659	118.77819824	System	InterruptMessageService called with MessageId=0
00001660	118.77821350	System	[supportdriver] InterruptService(): interrupt
00001661	118.89396667	System	InterruptMessageService called with MessageId=0
00001662	118.89397430	System	[supportdriver] InterruptService(): interrupt
00001663	118.89937592	System	InterruptMessageService called with MessageId=0
00001664	118.89939117	System	[supportdriver] InterruptService(): interrupt
00001665	119.01335144	System	InterruptMessageService called with MessageId=0
00001666	119.01335144	System	[supportdriver] InterruptService(): interrupt
00001667	119.01817322	System	InterruptMessageService called with MessageId=0
00001668	119.01817322	System	[supportdriver] InterruptService(): interrupt
00001669	119.13271332	System	InterruptMessageService called with MessageId=0
00001670	119.13271332	System	[supportdriver] InterruptService(): interrupt
00001671	119.13764954	System	InterruptMessageService called with MessageId=0
00001672	119.13764954	System	[supportdriver] InterruptService(): interrupt
00001673	119.16062927	System	InterruptMessageService called with MessageId=0
00001674	119.16063690	System	[supportdriver] InterruptService(): interrupt
00001675	119.25257874	System	InterruptMessageService called with MessageId=0
00001676	119.25259399	System	[supportdriver] InterruptService(): interrupt
00001677	119.25757599	System	InterruptMessageService called with MessageId=0
00001678	119.25757599	System	[supportdriver] InterruptService(): interrupt
00001679	119.37497711	System	InterruptMessageService called with MessageId=0
00001680	119.37499237	System	[supportdriver] InterruptService(): interrupt
00001681	119.38192749	System	InterruptMessageService called with MessageId=0
00001682	119.38194275	System	[supportdriver] InterruptService(): interrupt
00001683	119.42274475	System	InterruptMessageService called with MessageId=0
00001684	119.42276001	System	[supportdriver] InterruptService(): interrupt
00001685	119.49311829	System	InterruptMessageService called with MessageId=0
00001686	119.49311829	System	[supportdriver] InterruptService(): interrupt
00001687	119.49776459	System	InterruptMessageService called with MessageId=0
00001688	119.49777985	System	[supportdriver] InterruptService(): interrupt
00001689	119.61272430	System	InterruptMessageService called with MessageId=0
00001690	119.61272430	System	[supportdriver] InterruptService(): interrupt
00001691	119.61750793	System	InterruptMessageService called with MessageId=0
00001692	119.61752319	System	[supportdriver] InterruptService(): interrupt
00001693	119.68483734	System	InterruptMessageService called with MessageId=0
00001694	119.68485260	System	[supportdriver] InterruptService(): interrupt
00001695	119.73254395	System	InterruptMessageService called with MessageId=0
00001696	119.73255920	System	[supportdriver] InterruptService(): interrupt
00001697	119.73728180	System	InterruptMessageService called with MessageId=0
00001698	119.73728180	System	[supportdriver] InterruptService(): interrupt
00001699	119.85327148	System	InterruptMessageService called with MessageId=0
00001700	119.85328674	System	[supportdriver] InterruptService(): interrupt
00001701	119.85944366	System	InterruptMessageService called with MessageId=0
00001702	119.85945892	System	[supportdriver] InterruptService(): interrupt
00001703	119.94696808	System	InterruptMessageService called with MessageId=0
00001704	119.94696808	System	[supportdriver] InterruptService(): interrupt
00001705	119.97285461	System	InterruptMessageService called with MessageId=0
00001706	119.97285461	System	[supportdriver] InterruptService(): interrupt
00001707	119.97763824	System	InterruptMessageService called with MessageId=0
00001708	119.97765350	System	[supportdriver] InterruptService(): interrupt
00001709	120.09260559	System	InterruptMessageService called with MessageId=0
00001710	120.09260559	System	[supportdriver] InterruptService(): interrupt
00001711	120.09736633	System	InterruptMessageService called with MessageId=0
00001712	120.09736633	System	[supportdriver] InterruptService(): interrupt
00001713	120.20915222	System	InterruptMessageService called with MessageId=0
00001714	120.20916748	System	[supportdriver] InterruptService(): interrupt
00001715	120.21276093	System	InterruptMessageService called with MessageId=0
00001716	120.21277618	System	[supportdriver] InterruptService(): interrupt
00001717	120.21759033	System	InterruptMessageService called with MessageId=0
00001718	120.21759033	System	[supportdriver] InterruptService(): interrupt
00001719	120.33372498	System	InterruptMessageService called with MessageId=0
00001720	120.33373260	System	[supportdriver] InterruptService(): interrupt
00001721	120.33941650	System	InterruptMessageService called with MessageId=0
00001722	120.33943176	System	[supportdriver] InterruptService(): interrupt
00001723	120.45281219	System	InterruptMessageService called with MessageId=0
00001724	120.45281219	System	[supportdriver] InterruptService(): interrupt
00001725	120.45830536	System	InterruptMessageService called with MessageId=0
00001726	120.45830536	System	[supportdriver] InterruptService(): interrupt
00001727	120.47132111	System	InterruptMessageService called with MessageId=0
00001728	120.47133636	System	[supportdriver] InterruptService(): interrupt
00001729	120.57450104	System	InterruptMessageService called with MessageId=0
00001730	120.57453156	System	[supportdriver] InterruptService(): interrupt
00001731	120.58069611	System	InterruptMessageService called with MessageId=0
00001732	120.58071136	System	[supportdriver] InterruptService(): interrupt
00001733	120.69377136	System	InterruptMessageService called with MessageId=0
00001734	120.69380188	System	[supportdriver] InterruptService(): interrupt
00001735	120.69890594	System	InterruptMessageService called with MessageId=0
00001736	120.69892120	System	[supportdriver] InterruptService(): interrupt
00001737	120.73346710	System	InterruptMessageService called with MessageId=0
00001738	120.73347473	System	[supportdriver] InterruptService(): interrupt
00001739	120.81298065	System	InterruptMessageService called with MessageId=0
00001740	120.81298828	System	[supportdriver] InterruptService(): interrupt
00001741	120.81779480	System	InterruptMessageService called with MessageId=0
00001742	120.81780243	System	[supportdriver] InterruptService(): interrupt
00001743	120.93406677	System	InterruptMessageService called with MessageId=0
00001744	120.93408203	System	[supportdriver] InterruptService(): interrupt
00001745	120.93958282	System	InterruptMessageService called with MessageId=0
00001746	120.93958282	System	[supportdriver] InterruptService(): interrupt
00001747	120.99559784	System	InterruptMessageService called with MessageId=0
00001748	120.99561310	System	[supportdriver] InterruptService(): interrupt
00001749	121.05400085	System	InterruptMessageService called with MessageId=0
00001750	121.05401611	System	[supportdriver] InterruptService(): interrupt
00001751	121.05886841	System	InterruptMessageService called with MessageId=0
00001752	121.05888367	System	[supportdriver] InterruptService(): interrupt
00001753	121.17290497	System	InterruptMessageService called with MessageId=0
00001754	121.17290497	System	[supportdriver] InterruptService(): interrupt
00001755	121.17783356	System	InterruptMessageService called with MessageId=0
00001756	121.17783356	System	[supportdriver] InterruptService(): interrupt
00001757	121.25769043	System	InterruptMessageService called with MessageId=0
00001758	121.25769043	System	[supportdriver] InterruptService(): interrupt
00001759	121.29269409	System	InterruptMessageService called with MessageId=0
00001760	121.29269409	System	[supportdriver] InterruptService(): interrupt
00001761	121.29765320	System	InterruptMessageService called with MessageId=0
00001762	121.29766083	System	[supportdriver] InterruptService(): interrupt
00001763	121.41337585	System	InterruptMessageService called with MessageId=0
00001764	121.41339111	System	[supportdriver] InterruptService(): interrupt
00001765	121.41864014	System	InterruptMessageService called with MessageId=0
00001766	121.41864014	System	[supportdriver] InterruptService(): interrupt
00001767	121.51989746	System	InterruptMessageService called with MessageId=0
00001768	121.51989746	System	[supportdriver] InterruptService(): interrupt
00001769	121.53382111	System	InterruptMessageService called with MessageId=0
00001770	121.53383636	System	[supportdriver] InterruptService(): interrupt
00001771	121.53855896	System	InterruptMessageService called with MessageId=0
00001772	121.53857422	System	[supportdriver] InterruptService(): interrupt
00001773	121.65287781	System	InterruptMessageService called with MessageId=0
00001774	121.65287781	System	[supportdriver] InterruptService(): interrupt
00001775	121.65766144	System	InterruptMessageService called with MessageId=0
00001776	121.65767670	System	[supportdriver] InterruptService(): interrupt
00001777	121.77326202	System	InterruptMessageService called with MessageId=0
00001778	121.77327728	System	[supportdriver] InterruptService(): interrupt
00001779	121.77821350	System	InterruptMessageService called with MessageId=0
00001780	121.77821350	System	[supportdriver] InterruptService(): interrupt
00001781	121.78197479	System	InterruptMessageService called with MessageId=0
00001782	121.78199005	System	[supportdriver] InterruptService(): interrupt
00001783	121.89310455	System	InterruptMessageService called with MessageId=0
00001784	121.89310455	System	[supportdriver] InterruptService(): interrupt
00001785	121.89820099	System	InterruptMessageService called with MessageId=0
00001786	121.89821625	System	[supportdriver] InterruptService(): interrupt
00001787	122.01316833	System	InterruptMessageService called with MessageId=0
00001788	122.01316833	System	[supportdriver] InterruptService(): interrupt
00001789	122.01820374	System	InterruptMessageService called with MessageId=0
00001790	122.01821136	System	[supportdriver] InterruptService(): interrupt
00001791	122.04421234	System	InterruptMessageService called with MessageId=0
00001792	122.04421234	System	[supportdriver] InterruptService(): interrupt
00001793	122.13265991	System	InterruptMessageService called with MessageId=0
00001794	122.13265991	System	[supportdriver] InterruptService(): interrupt
00001795	122.13751221	System	InterruptMessageService called with MessageId=0
00001796	122.13751221	System	[supportdriver] InterruptService(): interrupt
00001797	122.25262451	System	InterruptMessageService called with MessageId=0
00001798	122.25262451	System	[supportdriver] InterruptService(): interrupt
00001799	122.25753784	System	InterruptMessageService called with MessageId=0
00001800	122.25754547	System	[supportdriver] InterruptService(): interrupt
00001801	122.30625153	System	InterruptMessageService called with MessageId=0
00001802	122.30625153	System	[supportdriver] InterruptService(): interrupt
00001803	122.37356567	System	InterruptMessageService called with MessageId=0
00001804	122.37356567	System	[supportdriver] InterruptService(): interrupt
00001805	122.37890625	System	InterruptMessageService called with MessageId=0
00001806	122.37892151	System	[supportdriver] InterruptService(): interrupt
00001807	122.49264526	System	InterruptMessageService called with MessageId=0
00001808	122.49264526	System	[supportdriver] InterruptService(): interrupt
00001809	122.49745941	System	InterruptMessageService called with MessageId=0
00001810	122.49747467	System	[supportdriver] InterruptService(): interrupt
00001811	122.56853485	System	InterruptMessageService called with MessageId=0
00001812	122.56855011	System	[supportdriver] InterruptService(): interrupt
00001813	122.61305237	System	InterruptMessageService called with MessageId=0
00001814	122.61305237	System	[supportdriver] InterruptService(): interrupt
00001815	122.61758423	System	InterruptMessageService called with MessageId=0
00001816	122.61758423	System	[supportdriver] InterruptService(): interrupt
00001817	122.73365784	System	InterruptMessageService called with MessageId=0
00001818	122.73367310	System	[supportdriver] InterruptService(): interrupt
00001819	122.73839569	System	InterruptMessageService called with MessageId=0
00001820	122.73840332	System	[supportdriver] InterruptService(): interrupt
00001821	122.83054352	System	InterruptMessageService called with MessageId=0
00001822	122.83055115	System	[supportdriver] InterruptService(): interrupt
00001823	122.85251617	System	InterruptMessageService called with MessageId=0
00001824	122.85251617	System	[supportdriver] InterruptService(): interrupt
00001825	122.85702515	System	InterruptMessageService called with MessageId=0
00001826	122.85702515	System	[supportdriver] InterruptService(): interrupt
00001827	122.97405243	System	InterruptMessageService called with MessageId=0
00001828	122.97406769	System	[supportdriver] InterruptService(): interrupt
00001829	122.97903442	System	InterruptMessageService called with MessageId=0
00001830	122.97904968	System	[supportdriver] InterruptService(): interrupt
00001831	123.09273529	System	InterruptMessageService called with MessageId=0
00001832	123.09275055	System	[supportdriver] InterruptService(): interrupt
00001833	123.09307098	System	InterruptMessageService called with MessageId=0
00001834	123.09307861	System	[supportdriver] InterruptService(): interrupt
00001835	123.09813690	System	InterruptMessageService called with MessageId=0
00001836	123.09815979	System	[supportdriver] InterruptService(): interrupt
00001837	123.21272278	System	InterruptMessageService called with MessageId=0
00001838	123.21272278	System	[supportdriver] InterruptService(): interrupt
00001839	123.21731567	System	InterruptMessageService called with MessageId=0
00001840	123.21731567	System	[supportdriver] InterruptService(): interrupt
00001841	123.33254242	System	InterruptMessageService called with MessageId=0
00001842	123.33255768	System	[supportdriver] InterruptService(): interrupt
00001843	123.33773041	System	InterruptMessageService called with MessageId=0
00001844	123.33773041	System	[supportdriver] InterruptService(): interrupt
00001845	123.35489655	System	InterruptMessageService called with MessageId=0
00001846	123.35489655	System	[supportdriver] InterruptService(): interrupt
00001847	123.45310974	System	InterruptMessageService called with MessageId=0
00001848	123.45311737	System	[supportdriver] InterruptService(): interrupt
00001849	123.45800781	System	InterruptMessageService called with MessageId=0
00001850	123.45802307	System	[supportdriver] InterruptService(): interrupt
00001851	123.57451630	System	InterruptMessageService called with MessageId=0
00001852	123.57453156	System	[supportdriver] InterruptService(): interrupt
00001853	123.58109283	System	InterruptMessageService called with MessageId=0
00001854	123.58110809	System	[supportdriver] InterruptService(): interrupt
00001855	123.61705017	System	InterruptMessageService called with MessageId=0
00001856	123.61706543	System	[supportdriver] InterruptService(): interrupt
00001857	123.69356537	System	InterruptMessageService called with MessageId=0
00001858	123.69356537	System	[supportdriver] InterruptService(): interrupt
00001859	123.69989014	System	InterruptMessageService called with MessageId=0
00001860	123.69991302	System	[supportdriver] InterruptService(): interrupt
00001861	123.81255341	System	InterruptMessageService called with MessageId=0
00001862	123.81255341	System	[supportdriver] InterruptService(): interrupt
00001863	123.81707764	System	InterruptMessageService called with MessageId=0
00001864	123.81708527	System	[supportdriver] InterruptService(): interrupt
00001865	123.87916565	System	InterruptMessageService called with MessageId=0
00001866	123.87918091	System	[supportdriver] InterruptService(): interrupt
00001867	123.93278503	System	InterruptMessageService called with MessageId=0
00001868	123.93280029	System	[supportdriver] InterruptService(): interrupt
00001869	123.93831635	System	InterruptMessageService called with MessageId=0
00001870	123.93833160	System	[supportdriver] InterruptService(): interrupt
00001871	124.05261993	System	InterruptMessageService called with MessageId=0
00001872	124.05263519	System	[supportdriver] InterruptService(): interrupt
00001873	124.05775452	System	InterruptMessageService called with MessageId=0
00001874	124.05776978	System	[supportdriver] InterruptService(): interrupt
00001875	124.14132690	System	InterruptMessageService called with MessageId=0
00001876	124.14132690	System	[supportdriver] InterruptService(): interrupt
00001877	124.17292786	System	InterruptMessageService called with MessageId=0
00001878	124.17294312	System	[supportdriver] InterruptService(): interrupt
00001879	124.17791748	System	InterruptMessageService called with MessageId=0
00001880	124.17793274	System	[supportdriver] InterruptService(): interrupt
00001881	124.29412079	System	InterruptMessageService called with MessageId=0
00001882	124.29414368	System	[supportdriver] InterruptService(): interrupt
00001883	124.29894257	System	InterruptMessageService called with MessageId=0
00001884	124.29895782	System	[supportdriver] InterruptService(): interrupt
00001885	124.40350342	System	InterruptMessageService called with MessageId=0
00001886	124.40351868	System	[supportdriver] InterruptService(): interrupt
00001887	124.41369629	System	InterruptMessageService called with MessageId=0
00001888	124.41369629	System	[supportdriver] InterruptService(): interrupt
00001889	124.41947174	System	InterruptMessageService called with MessageId=0
00001890	124.41947937	System	[supportdriver] InterruptService(): interrupt
00001891	124.53388977	System	InterruptMessageService called with MessageId=0
00001892	124.53389740	System	[supportdriver] InterruptService(): interrupt
00001893	124.53882599	System	InterruptMessageService called with MessageId=0
00001894	124.53882599	System	[supportdriver] InterruptService(): interrupt
00001895	124.65285492	System	InterruptMessageService called with MessageId=0
00001896	124.65285492	System	[supportdriver] InterruptService(): interrupt
00001897	124.65777588	System	InterruptMessageService called with MessageId=0
00001898	124.65777588	System	[supportdriver] InterruptService(): interrupt
00001899	124.66562653	System	InterruptMessageService called with MessageId=0
00001900	124.66562653	System	[supportdriver] InterruptService(): interrupt
00001901	124.77400208	System	InterruptMessageService called with MessageId=0
00001902	124.77401733	System	[supportdriver] InterruptService(): interrupt
00001903	124.77885437	System	InterruptMessageService called with MessageId=0
00001904	124.77886963	System	[supportdriver] InterruptService(): interrupt
00001905	124.89331055	System	InterruptMessageService called with MessageId=0
00001906	124.89332581	System	[supportdriver] InterruptService(): interrupt
00001907	124.89846802	System	InterruptMessageService called with MessageId=0
00001908	124.89846802	System	[supportdriver] InterruptService(): interrupt
00000010	127.28252411	7044	Suspending
00000011	165.99847412	3180	[Router Dll]: Router IHV DLL was DLL_THREAD_ATTACH
00001909	215.73857117	System	[0004:0084]CcFlushCachePriv: PreProcess returned FALSE, nothing to do (SOP=FFFFE10E683FE118, IoStatus=0x0)
00000012	268.01882935	3180	[Router Dll]: Router IHV DLL was DLL_THREAD_DETACH
00000013	335.66976929	7804	Populating EnterprisePolicy AllowList
00000014	335.67016602	7804	SKU MDM licensing allow list string from SLAPI:
00000015	335.67025757	7804	AllowAllTrustedApps|AllowAutomaticAppArchiving|AllowFastReconnect|AllowSecondaryAuthenticationDevice|BITS|ConfigureChatIcon|EnterpriseModeSiteList|HomePages|SearchProvider|SendIntranetTraffictoInternetExplorer|LegacySelectiveWipeID|Defender|ConfigureSystemGuardLaunch|DeviceLock|Eap|AllowGraphingCalculator|ExploitGuard|Knobs|Privacy|RequireDeviceEncryption|RequireRetrieveHealthCertificateOnBoot|AllowSpeechModelUpdates|WindowsDefenderSecurityCenter|AllowAutomaticRestartSignOn|ConfigAutomaticRestartSignOn
